Loading required package: SeuratObject
Loading required package: sp

Attaching package: ‘SeuratObject’

The following objects are masked from ‘package:base’:

    intersect, t

── Attaching core tidyverse packages ──────────────────────── tidyverse 2.0.0 ──
✔ dplyr     1.1.4     ✔ readr     2.1.5
✔ forcats   1.0.0     ✔ stringr   1.5.1
✔ lubridate 1.9.4     ✔ tibble    3.3.0
✔ purrr     1.1.0     ✔ tidyr     1.3.1
── Conflicts ────────────────────────────────────────── tidyverse_conflicts() ──
✖ dplyr::combine() masks gridExtra::combine()
✖ dplyr::filter()  masks stats::filter()
✖ dplyr::lag()     masks stats::lag()
ℹ Use the conflicted package (<http://conflicted.r-lib.org/>) to force all conflicts to become errors

Attaching package: ‘data.table’

The following objects are masked from ‘package:lubridate’:

    hour, isoweek, mday, minute, month, quarter, second, wday, week,
    yday, year

The following objects are masked from ‘package:dplyr’:

    between, first, last

The following object is masked from ‘package:purrr’:

    transpose

Loading required package: R.oo
Loading required package: R.methodsS3
R.methodsS3 v1.8.2 (2022-06-13 22:00:14 UTC) successfully loaded. See ?R.methodsS3 for help.
R.oo v1.27.1 (2025-05-02 21:00:05 UTC) successfully loaded. See ?R.oo for help.

Attaching package: ‘R.oo’

The following object is masked from ‘package:R.methodsS3’:

    throw

The following objects are masked from ‘package:methods’:

    getClasses, getMethods

The following objects are masked from ‘package:base’:

    attach, detach, load, save

R.utils v2.13.0 (2025-02-24 21:20:02 UTC) successfully loaded. See ?R.utils for help.

Attaching package: ‘R.utils’

The following object is masked from ‘package:tidyr’:

    extract

The following object is masked from ‘package:utils’:

    timestamp

The following objects are masked from ‘package:base’:

    cat, commandArgs, getOption, isOpen, nullfile, parse, use, warnings


Attaching package: ‘reshape2’

The following objects are masked from ‘package:data.table’:

    dcast, melt

The following object is masked from ‘package:tidyr’:

    smiths

Loading required package: Rcpp

Attaching package: ‘cowplot’

The following object is masked from ‘package:lubridate’:

    stamp


Attaching package: ‘patchwork’

The following object is masked from ‘package:cowplot’:

    align_plots

R version 4.4.0 (2024-04-24)
Platform: x86_64-pc-linux-gnu
Running under: Red Hat Enterprise Linux 8.10 (Ootpa)

Matrix products: default
BLAS/LAPACK: /usr/lib64/libopenblas-r0.3.15.so;  LAPACK version 3.9.0

locale:
 [1] LC_CTYPE=en_US.UTF-8       LC_NUMERIC=C              
 [3] LC_TIME=en_US.UTF-8        LC_COLLATE=en_US.UTF-8    
 [5] LC_MONETARY=en_US.UTF-8    LC_MESSAGES=en_US.UTF-8   
 [7] LC_PAPER=en_US.UTF-8       LC_NAME=C                 
 [9] LC_ADDRESS=C               LC_TELEPHONE=C            
[11] LC_MEASUREMENT=en_US.UTF-8 LC_IDENTIFICATION=C       

time zone: US/Eastern
tzcode source: system (glibc)

attached base packages:
[1] stats     graphics  grDevices utils     datasets  methods   base     

other attached packages:
 [1] pheatmap_1.0.13    patchwork_1.3.1    cowplot_1.2.0      harmony_1.2.3     
 [5] Rcpp_1.1.0         reshape2_1.4.4     R.utils_2.13.0     R.oo_1.27.1       
 [9] R.methodsS3_1.8.2  data.table_1.17.8  lubridate_1.9.4    forcats_1.0.0     
[13] stringr_1.5.1      dplyr_1.1.4        purrr_1.1.0        readr_2.1.5       
[17] tidyr_1.3.1        tibble_3.3.0       tidyverse_2.0.0    ggplot2_3.5.2     
[21] gridExtra_2.3      Seurat_5.3.0       SeuratObject_5.1.0 sp_2.2-0          

loaded via a namespace (and not attached):
 [1] deldir_2.0-4           pbapply_1.7-4          rlang_1.1.6           
 [4] magrittr_2.0.3         RcppAnnoy_0.0.22       matrixStats_1.5.0     
 [7] ggridges_0.5.6         compiler_4.4.0         spatstat.geom_3.5-0   
[10] png_0.1-8              vctrs_0.6.5            pkgconfig_2.0.3       
[13] fastmap_1.2.0          promises_1.3.3         tzdb_0.5.0            
[16] jsonlite_2.0.0         goftest_1.2-3          later_1.4.2           
[19] spatstat.utils_3.1-5   irlba_2.3.5.1          parallel_4.4.0        
[22] cluster_2.1.6          R6_2.6.1               ica_1.0-3             
[25] stringi_1.8.7          RColorBrewer_1.1-3     spatstat.data_3.1-6   
[28] reticulate_1.43.0      parallelly_1.45.1      spatstat.univar_3.1-4 
[31] lmtest_0.9-40          scattermore_1.2        tensor_1.5.1          
[34] future.apply_1.20.0    zoo_1.8-14             sctransform_0.4.2     
[37] timechange_0.3.0       httpuv_1.6.16          Matrix_1.7-0          
[40] splines_4.4.0          igraph_2.1.4           tidyselect_1.2.1      
[43] dichromat_2.0-0.1      abind_1.4-8            codetools_0.2-20      
[46] spatstat.random_3.4-1  miniUI_0.1.2           spatstat.explore_3.5-2
[49] listenv_0.9.1          lattice_0.22-6         plyr_1.8.9            
[52] withr_3.0.2            shiny_1.11.1           ROCR_1.0-11           
[55] Rtsne_0.17             future_1.58.0          fastDummies_1.7.5     
[58] survival_3.5-8         polyclip_1.10-7        fitdistrplus_1.2-4    
[61] pillar_1.11.0          KernSmooth_2.23-22     plotly_4.11.0         
[64] generics_0.1.4         RcppHNSW_0.6.0         hms_1.1.3             
[67] scales_1.4.0           globals_0.18.0         xtable_1.8-4          
[70] glue_1.8.0             lazyeval_0.2.2         tools_4.4.0           
[73] RSpectra_0.16-2        RANN_2.6.2             dotCall64_1.2         
[76] grid_4.4.0             nlme_3.1-164           cli_3.6.5             
[79] spatstat.sparse_3.1-0  spam_2.11-1            viridisLite_0.4.2     
[82] uwot_0.2.3             gtable_0.3.6           digest_0.6.37         
[85] progressr_0.15.1       ggrepel_0.9.6          htmlwidgets_1.6.4     
[88] farver_2.1.2           htmltools_0.5.8.1      lifecycle_1.0.4       
[91] httr_1.4.7             mime_0.13              MASS_7.3-60.2         
Transposing data matrix
Initializing state using k-means centroids initialization
Harmony 1/10
0%   10   20   30   40   50   60   70   80   90   100%
[----|----|----|----|----|----|----|----|----|----|
**************************************************|
0%   10   20   30   40   50   60   70   80   90   100%
[----|----|----|----|----|----|----|----|----|----|
**************************************************|
Harmony 2/10
0%   10   20   30   40   50   60   70   80   90   100%
[----|----|----|----|----|----|----|----|----|----|
**************************************************|
0%   10   20   30   40   50   60   70   80   90   100%
[----|----|----|----|----|----|----|----|----|----|
**************************************************|
Harmony 3/10
0%   10   20   30   40   50   60   70   80   90   100%
[----|----|----|----|----|----|----|----|----|----|
**************************************************|
0%   10   20   30   40   50   60   70   80   90   100%
[----|----|----|----|----|----|----|----|----|----|
**************************************************|
Harmony 4/10
0%   10   20   30   40   50   60   70   80   90   100%
[----|----|----|----|----|----|----|----|----|----|
**************************************************|
0%   10   20   30   40   50   60   70   80   90   100%
[----|----|----|----|----|----|----|----|----|----|
**************************************************|
Harmony 5/10
0%   10   20   30   40   50   60   70   80   90   100%
[----|----|----|----|----|----|----|----|----|----|
**************************************************|
0%   10   20   30   40   50   60   70   80   90   100%
[----|----|----|----|----|----|----|----|----|----|
**************************************************|
Harmony converged after 5 iterations
There were 11 warnings (use warnings() to see them)
Warning: The default method for RunUMAP has changed from calling Python UMAP via reticulate to the R-native UWOT using the cosine metric
To use Python UMAP via reticulate, set umap.method to 'umap-learn' and metric to 'correlation'
This message will be shown once per session
12:19:12 UMAP embedding parameters a = 0.9922 b = 1.112
12:19:12 Read 378886 rows and found 20 numeric columns
12:19:12 Using Annoy for neighbor search, n_neighbors = 30
12:19:12 Building Annoy index with metric = cosine, n_trees = 50
0%   10   20   30   40   50   60   70   80   90   100%
[----|----|----|----|----|----|----|----|----|----|
**************************************************|
12:20:06 Writing NN index file to temp file /gpfs0/scratch/7741237/RtmpsKXBGy/file7c30e3e0fd87c
12:20:06 Searching Annoy index using 1 thread, search_k = 3000
12:24:15 Annoy recall = 99.89%
12:24:16 Commencing smooth kNN distance calibration using 1 thread with target n_neighbors = 30
12:24:27 Initializing from normalized Laplacian + noise (using RSpectra)
12:24:47 Commencing optimization for 200 epochs, with 16816360 positive edges
12:24:47 Using rng type: pcg
Using method 'umap'
0%   10   20   30   40   50   60   70   80   90   100%
[----|----|----|----|----|----|----|----|----|----|
**************************************************|
12:27:27 Optimization finished
Computing nearest neighbor graph
Computing SNN
Modularity Optimizer version 1.3.0 by Ludo Waltman and Nees Jan van Eck

Number of nodes: 378886
Number of edges: 10332263

Running Louvain algorithm...
0%   10   20   30   40   50   60   70   80   90   100%
[----|----|----|----|----|----|----|----|----|----|
**************************************************|
Maximum modularity in 10 random starts: 0.9419
Number of communities: 24
Elapsed time: 382 seconds
6 singletons identified. 18 final clusters.
Rasterizing points since number of points exceeds 100,000.
To disable this behavior set `raster=FALSE`
Job Statistics for 7741237:
           JobID       User               Start                 End    Elapsed   TotalCPU      State        NodeList 
---------------- ---------- ------------------- ------------------- ---------- ---------- ---------- --------------- 
         7741237     xxw004 2026-02-24T12:07:43 2026-02-24T13:24:34   01:16:51   01:16:23  COMPLETED   r1pl-hpcf-h04 
   7741237.batch            2026-02-24T12:07:43 2026-02-24T13:24:34   01:16:51   01:16:23  COMPLETED   r1pl-hpcf-h04 
  7741237.extern            2026-02-24T12:07:43 2026-02-24T13:24:34   01:16:51  00:00.001  COMPLETED   r1pl-hpcf-h04 
Requested Resources: billing=3,cpu=3,mem=127005M,node=1
Maximum CPU Memory: 127003.78M; 	CPU Efficiency: 33.14% of 03:50:33 core-walltime
