Loading required package: SeuratObject
Loading required package: sp

Attaching package: ‘SeuratObject’

The following objects are masked from ‘package:base’:

    intersect, t

── Attaching core tidyverse packages ──────────────────────── tidyverse 2.0.0 ──
✔ dplyr     1.2.0     ✔ readr     2.2.0
✔ forcats   1.0.1     ✔ stringr   1.6.0
✔ lubridate 1.9.5     ✔ tibble    3.3.1
✔ purrr     1.2.1     ✔ tidyr     1.3.2
── Conflicts ────────────────────────────────────────── tidyverse_conflicts() ──
✖ dplyr::combine() masks gridExtra::combine()
✖ dplyr::filter()  masks stats::filter()
✖ dplyr::lag()     masks stats::lag()
ℹ Use the conflicted package (<http://conflicted.r-lib.org/>) to force all conflicts to become errors

Attaching package: ‘data.table’

The following objects are masked from ‘package:lubridate’:

    hour, isoweek, isoyear, mday, minute, month, quarter, second, wday,
    week, yday, year

The following objects are masked from ‘package:dplyr’:

    between, first, last

The following object is masked from ‘package:purrr’:

    transpose

Loading required package: R.oo
Loading required package: R.methodsS3
R.methodsS3 v1.8.2 (2022-06-13 22:00:14 UTC) successfully loaded. See ?R.methodsS3 for help.
R.oo v1.27.1 (2025-05-02 21:00:05 UTC) successfully loaded. See ?R.oo for help.

Attaching package: ‘R.oo’

The following object is masked from ‘package:R.methodsS3’:

    throw

The following objects are masked from ‘package:methods’:

    getClasses, getMethods

The following objects are masked from ‘package:base’:

    attach, detach, load, save

R.utils v2.13.0 (2025-02-24 21:20:02 UTC) successfully loaded. See ?R.utils for help.

Attaching package: ‘R.utils’

The following object is masked from ‘package:tidyr’:

    extract

The following object is masked from ‘package:utils’:

    timestamp

The following objects are masked from ‘package:base’:

    cat, commandArgs, getOption, isOpen, nullfile, parse, use, warnings


Attaching package: ‘reshape2’

The following objects are masked from ‘package:data.table’:

    dcast, melt

The following object is masked from ‘package:tidyr’:

    smiths

Loading required package: Rcpp

Attaching package: ‘cowplot’

The following object is masked from ‘package:lubridate’:

    stamp


Attaching package: ‘patchwork’

The following object is masked from ‘package:cowplot’:

    align_plots

                     orig.ident nCount_RNA nFeature_RNA DataSet percent.mt
GOF_AAAAAAAAAAAAGTCT        GOF       1460          798     GOF   6.095890
GOF_AAAAAAAAAACGAGGG        GOF       1421          804     GOF   4.926108
GOF_AAAAAAAAAACGCGAA        GOF        245          202     GOF   3.265306
GOF_AAAAAAAAAACTCGTA        GOF       1728          871     GOF  10.358796
GOF_AAAAAAAAACGATTTC        GOF       2314         1204     GOF   9.031979
GOF_AAAAAAAAACGCCTCC        GOF        486          358     GOF   6.172840
                         rDNA doublet_id celltype0421 sample percent.rRNA Group
GOF_AAAAAAAAAAAAGTCT 17.94521    Singlet         <NA>   <NA>           NA  <NA>
GOF_AAAAAAAAAACGAGGG 24.27868    Singlet         <NA>   <NA>           NA  <NA>
GOF_AAAAAAAAAACGCGAA 24.48980    Singlet         <NA>   <NA>           NA  <NA>
GOF_AAAAAAAAAACTCGTA 21.81713    Singlet         <NA>   <NA>           NA  <NA>
GOF_AAAAAAAAACGATTTC 18.19360    Singlet         <NA>   <NA>           NA  <NA>
GOF_AAAAAAAAACGCCTCC 22.22222    Singlet         <NA>   <NA>           NA  <NA>
                     RNA_snn_res.0.4 seurat_clusters
GOF_AAAAAAAAAAAAGTCT            <NA>            <NA>
GOF_AAAAAAAAAACGAGGG            <NA>            <NA>
GOF_AAAAAAAAAACGCGAA            <NA>            <NA>
GOF_AAAAAAAAAACTCGTA            <NA>            <NA>
GOF_AAAAAAAAACGATTTC            <NA>            <NA>
GOF_AAAAAAAAACGCCTCC            <NA>            <NA>

   Health UUO_Day10 UUO_Day14  UUO_Day2  UUO_Day4  UUO_Day6 
      792       827      1131       755       649       781 

               GOF GSM3827175_NMU_O_P GSM3827176_NMU_O_D                LOF 
             66417               4955               5260               4753 
       Urotherlium            Vehicle               Yoda 
              4935              69220              34798 

              KUDO UroBladderOrganoid                UUO 
            175188              10215               4935 

               GOF GSM3827175_NMU_O_P GSM3827176_NMU_O_D             Health 
             66417               4955               5260                792 
               LOF          UUO_Day10          UUO_Day14           UUO_Day2 
              4753                827               1131                755 
          UUO_Day4           UUO_Day6            Vehicle               Yoda 
               649                781              69220              34798 
[1] 190338
[1] 190338
Splitting ‘counts’, ‘data’ layers. Not splitting ‘scale.data’. If you would like to split other layers, set in `layers` argument.
Normalizing layer: counts.GOF
Performing log-normalization
0%   10   20   30   40   50   60   70   80   90   100%
[----|----|----|----|----|----|----|----|----|----|
**************************************************|
Normalizing layer: counts.LOF
Performing log-normalization
0%   10   20   30   40   50   60   70   80   90   100%
[----|----|----|----|----|----|----|----|----|----|
**************************************************|
Normalizing layer: counts.Vehicle
Performing log-normalization
0%   10   20   30   40   50   60   70   80   90   100%
[----|----|----|----|----|----|----|----|----|----|
**************************************************|
Normalizing layer: counts.Yoda
Performing log-normalization
0%   10   20   30   40   50   60   70   80   90   100%
[----|----|----|----|----|----|----|----|----|----|
**************************************************|
Normalizing layer: counts.UUO_Day10
Performing log-normalization
0%   10   20   30   40   50   60   70   80   90   100%
[----|----|----|----|----|----|----|----|----|----|
**************************************************|
Normalizing layer: counts.UUO_Day14
Performing log-normalization
0%   10   20   30   40   50   60   70   80   90   100%
[----|----|----|----|----|----|----|----|----|----|
**************************************************|
Normalizing layer: counts.Health
Performing log-normalization
0%   10   20   30   40   50   60   70   80   90   100%
[----|----|----|----|----|----|----|----|----|----|
**************************************************|
Normalizing layer: counts.UUO_Day2
Performing log-normalization
0%   10   20   30   40   50   60   70   80   90   100%
[----|----|----|----|----|----|----|----|----|----|
**************************************************|
Normalizing layer: counts.UUO_Day6
Performing log-normalization
0%   10   20   30   40   50   60   70   80   90   100%
[----|----|----|----|----|----|----|----|----|----|
**************************************************|
Normalizing layer: counts.UUO_Day4
Performing log-normalization
0%   10   20   30   40   50   60   70   80   90   100%
[----|----|----|----|----|----|----|----|----|----|
**************************************************|
Normalizing layer: counts.GSM3827175_NMU_O_P
Performing log-normalization
0%   10   20   30   40   50   60   70   80   90   100%
[----|----|----|----|----|----|----|----|----|----|
**************************************************|
Normalizing layer: counts.GSM3827176_NMU_O_D
Performing log-normalization
0%   10   20   30   40   50   60   70   80   90   100%
[----|----|----|----|----|----|----|----|----|----|
**************************************************|
Finding variable features for layer counts.GOF
Calculating gene variances
0%   10   20   30   40   50   60   70   80   90   100%
[----|----|----|----|----|----|----|----|----|----|
**************************************************|
Calculating feature variances of standardized and clipped values
0%   10   20   30   40   50   60   70   80   90   100%
[----|----|----|----|----|----|----|----|----|----|
**************************************************|
Finding variable features for layer counts.LOF
Calculating gene variances
0%   10   20   30   40   50   60   70   80   90   100%
[----|----|----|----|----|----|----|----|----|----|
**************************************************|
Calculating feature variances of standardized and clipped values
0%   10   20   30   40   50   60   70   80   90   100%
[----|----|----|----|----|----|----|----|----|----|
**************************************************|
Finding variable features for layer counts.Vehicle
Calculating gene variances
0%   10   20   30   40   50   60   70   80   90   100%
[----|----|----|----|----|----|----|----|----|----|
**************************************************|
Calculating feature variances of standardized and clipped values
0%   10   20   30   40   50   60   70   80   90   100%
[----|----|----|----|----|----|----|----|----|----|
**************************************************|
Finding variable features for layer counts.Yoda
Calculating gene variances
0%   10   20   30   40   50   60   70   80   90   100%
[----|----|----|----|----|----|----|----|----|----|
**************************************************|
Calculating feature variances of standardized and clipped values
0%   10   20   30   40   50   60   70   80   90   100%
[----|----|----|----|----|----|----|----|----|----|
**************************************************|
Finding variable features for layer counts.UUO_Day10
Calculating gene variances
0%   10   20   30   40   50   60   70   80   90   100%
[----|----|----|----|----|----|----|----|----|----|
**************************************************|
Calculating feature variances of standardized and clipped values
0%   10   20   30   40   50   60   70   80   90   100%
[----|----|----|----|----|----|----|----|----|----|
**************************************************|
Finding variable features for layer counts.UUO_Day14
Calculating gene variances
0%   10   20   30   40   50   60   70   80   90   100%
[----|----|----|----|----|----|----|----|----|----|
**************************************************|
Calculating feature variances of standardized and clipped values
0%   10   20   30   40   50   60   70   80   90   100%
[----|----|----|----|----|----|----|----|----|----|
**************************************************|
Finding variable features for layer counts.Health
Calculating gene variances
0%   10   20   30   40   50   60   70   80   90   100%
[----|----|----|----|----|----|----|----|----|----|
**************************************************|
Calculating feature variances of standardized and clipped values
0%   10   20   30   40   50   60   70   80   90   100%
[----|----|----|----|----|----|----|----|----|----|
**************************************************|
Finding variable features for layer counts.UUO_Day2
Calculating gene variances
0%   10   20   30   40   50   60   70   80   90   100%
[----|----|----|----|----|----|----|----|----|----|
**************************************************|
Calculating feature variances of standardized and clipped values
0%   10   20   30   40   50   60   70   80   90   100%
[----|----|----|----|----|----|----|----|----|----|
**************************************************|
Finding variable features for layer counts.UUO_Day6
Calculating gene variances
0%   10   20   30   40   50   60   70   80   90   100%
[----|----|----|----|----|----|----|----|----|----|
**************************************************|
Calculating feature variances of standardized and clipped values
0%   10   20   30   40   50   60   70   80   90   100%
[----|----|----|----|----|----|----|----|----|----|
**************************************************|
Finding variable features for layer counts.UUO_Day4
Calculating gene variances
0%   10   20   30   40   50   60   70   80   90   100%
[----|----|----|----|----|----|----|----|----|----|
**************************************************|
Calculating feature variances of standardized and clipped values
0%   10   20   30   40   50   60   70   80   90   100%
[----|----|----|----|----|----|----|----|----|----|
**************************************************|
Finding variable features for layer counts.GSM3827175_NMU_O_P
Calculating gene variances
0%   10   20   30   40   50   60   70   80   90   100%
[----|----|----|----|----|----|----|----|----|----|
**************************************************|
Calculating feature variances of standardized and clipped values
0%   10   20   30   40   50   60   70   80   90   100%
[----|----|----|----|----|----|----|----|----|----|
**************************************************|
Finding variable features for layer counts.GSM3827176_NMU_O_D
Calculating gene variances
0%   10   20   30   40   50   60   70   80   90   100%
[----|----|----|----|----|----|----|----|----|----|
**************************************************|
Calculating feature variances of standardized and clipped values
0%   10   20   30   40   50   60   70   80   90   100%
[----|----|----|----|----|----|----|----|----|----|
**************************************************|
There were 16 warnings (use warnings() to see them)
Centering and scaling data matrix
  |                                                                              |                                                                      |   0%  |                                                                              |===================================                                   |  50%  |                                                                              |======================================================================| 100%
Warning: Different features in new layer data than already exists for scale.data
PC_ 1 
Positive:  Malat1, Krt4, Meis2, Tacstd2, Anxa1, Actg1, S100a14, Anxa2, Krt5, Krt14 
	   Krt6a, Pgk1, Nupr1, Fxyd4, Lgals3, Zfp36l1, Cd9, Psca, Jun, Tubb5 
	   Marcks, Rpl15, Gsn, Tpt1, Cd2ap, Junb, Basp1, Spint2, Sfn, Mfge8 
Negative:  Gstm1, Sprr2a2, Rps12, Gsta4, Sprr1a, Slc12a3, Spp1, Tmem174, Fmo1, Tmem136 
	   Olfr1346, Serpina1f, Ush1c, Mfsd7b, Gatm, Rsad2, Ube2dnl2, Gm49978, Pitx3, Samt1c 
	   Gltscr1, Lox, Cd93, Rhcg, Ppp1r3c, Serpinf2, Tmem72, Cyp2a22, Gm39463, Cyp2d22 
PC_ 2 
Positive:  Meis2, Nupr1, Fam213a, Psca, Krt6a, Fxyd4, Hopx, Hist1h2bc, Defb1, Oit1 
	   Pkp1, Krt4, Rassf9, Aqp4, Hist1h1c, Gsn, Gabrp, Jun, Ptp4a1, Fmo2 
	   Qsox1, Fopnl, Lars2, 8430408G22Rik, Clic3, Zfp36l1, Mgea5, Nccrp1, Alox12, Krt14 
Negative:  Rps12, Gsta4, H2az1, Stmn1, Sprr2a2, Gstm1, Trf, Acaa1b, Wfdc2, Aldh3a1 
	   Chd9, Hmgb2, Nqo1, H2ac24, Ube2c, H2ac23, Mgst3, Tmsb4x, Pfn1, Pclaf 
	   Hmgn2, Cks1b, Ly6d, Xist, Id3, Top2a, Polr2l, Pcna, Akr1b3, Id2 
PC_ 3 
Positive:  Hmgb2, Ube2c, Pclaf, H2ac24, Krt14, H2ac23, Tubb5, Birc5, Top2a, Cdk1 
	   Cks1b, Tuba1b, Cdca3, Tubb6, S100a10, H2az1, Nupr1, Tk1, Hsp90aa1, Pgk1 
	   Spc24, Cenpa, Ran, Dynll1, Ccnb2, Cdc20, Cdca8, Hmgn2, Pcna, Dut 
Negative:  Mecom, Neat1, Aqp3, Ankrd44, Trf, Tmprss2, Rbms3, Efna5, Igfbp2, Stox2 
	   Maml2, Upk3a, Naaladl2, Atrn, Pparg, Upk1b, Gstm1, Sh3gl2, Stard13, Maml3 
	   Acaa1b, Sptssb, Malat1, Ypel2, Ralgapa2, Mctp2, Ly6d, Gphn, Ermp1, Ext1 
PC_ 4 
Positive:  Krt14, Top2a, Col17a1, Mki67, Pcdh7, Malat1, Pbx1, Cmss1, Camk1d, Trp63 
	   Cdk8, Rbms3, Cp, Nxn, Ube2c, Nfat5, Prc1, Lars2, Kcnq1ot1, Cenpf 
	   Ext1, Grip1, Ltbp4, Smc4, Cenpe, H2ac23, Cdh13, Mctp2, H2ac24, Gphn 
Negative:  S100a6, Tmsb4x, Gsta4, Gstm1, Sprr1a, Akr1b3, Gsto1, Wfdc2, Sprr2a2, Ly6d 
	   S100a11, Rps12, Sprr2a3, Krt19, Rpl41, Sptssb, Krt18, Akr1b8, Ivl, Cbr2 
	   Lgals3, Fabp5, Upk2, Mal, Sfn, Rpl34, Upk3a, Nlrp4e, Fth1, Psca 
PC_ 5 
Positive:  Spp1, Clu, Nupr1, Tff1, Msln, Sprr1a, Plat, Cxcl16, Mal, Psca 
	   Plet1, Gdf15, Ppbp, Ndrg1, Tnfrsf12a, Slc4a4, Akr1b8, Pdzk1ip1, Slpi, Eif4ebp1 
	   Flnb, Fabp5, Bcl2l15, Ddit3, Gm3776, Gm41609, Ndrg2, Gsta1, Nipal1, Ier3 
Negative:  Tmsb4x, Rpl34, Krt15, Ly6d, Krt5, Rps6, Tpt1, Rpl41, Id3, Rpl15 
	   Cbr2, Gsta4, Ifitm3, Hspb1, Id1, Meis2, Dapl1, Hes1, Malat1, Fth1 
	   Trf, Cxcl15, Mgst3, Ifitm2, Enho, Krt14, Fos, Col17a1, Cd9, Ndufa4 
Computing nearest neighbor graph
Computing SNN
Modularity Optimizer version 1.3.0 by Ludo Waltman and Nees Jan van Eck

Number of nodes: 190338
Number of edges: 3562195

Running Louvain algorithm...
0%   10   20   30   40   50   60   70   80   90   100%
[----|----|----|----|----|----|----|----|----|----|
**************************************************|
Maximum modularity in 10 random starts: 0.8198
Number of communities: 86
Elapsed time: 74 seconds
52 singletons identified. 34 final clusters.
Warning: The default method for RunUMAP has changed from calling Python UMAP via reticulate to the R-native UWOT using the cosine metric
To use Python UMAP via reticulate, set umap.method to 'umap-learn' and metric to 'correlation'
This message will be shown once per session
16:10:58 UMAP embedding parameters a = 0.9922 b = 1.112
16:10:58 Read 190338 rows and found 30 numeric columns
16:10:58 Using Annoy for neighbor search, n_neighbors = 30
16:10:58 Building Annoy index with metric = cosine, n_trees = 50
0%   10   20   30   40   50   60   70   80   90   100%
[----|----|----|----|----|----|----|----|----|----|
**************************************************|
16:11:24 Writing NN index file to temp file /gpfs0/scratch/7881439/RtmptNO9Pl/file1e91ac5837d3d2
16:11:24 Searching Annoy index using 1 thread, search_k = 3000
16:13:14 Annoy recall = 100%
16:13:16 Commencing smooth kNN distance calibration using 1 thread with target n_neighbors = 30
16:13:21 Initializing from normalized Laplacian + noise (using RSpectra)
16:13:30 Commencing optimization for 200 epochs, with 9130550 positive edges
16:13:30 Using rng type: pcg
Using method 'umap'
0%   10   20   30   40   50   60   70   80   90   100%
[----|----|----|----|----|----|----|----|----|----|
**************************************************|
16:14:54 Optimization finished
The `features` argument is ignored by `HarmonyIntegration`.
This message is displayed once per session.
Warning messages:
1: Quick-TRANSfer stage steps exceeded maximum (= 9516900) 
2: Quick-TRANSfer stage steps exceeded maximum (= 9516900) 
3: Quick-TRANSfer stage steps exceeded maximum (= 9516900) 
4: Quick-TRANSfer stage steps exceeded maximum (= 9516900) 
5: Quick-TRANSfer stage steps exceeded maximum (= 9516900) 
6: Quick-TRANSfer stage steps exceeded maximum (= 9516900) 
7: Quick-TRANSfer stage steps exceeded maximum (= 9516900) 
8: Quick-TRANSfer stage steps exceeded maximum (= 9516900) 
9: Quick-TRANSfer stage steps exceeded maximum (= 9516900) 
10: Quick-TRANSfer stage steps exceeded maximum (= 9516900) 
Computing nearest neighbor graph
Computing SNN
Modularity Optimizer version 1.3.0 by Ludo Waltman and Nees Jan van Eck

Number of nodes: 190338
Number of edges: 3182530

Running Louvain algorithm...
0%   10   20   30   40   50   60   70   80   90   100%
[----|----|----|----|----|----|----|----|----|----|
**************************************************|
Maximum modularity in 10 random starts: 0.7845
Number of communities: 201
Elapsed time: 63 seconds
163 singletons identified. 38 final clusters.
18:21:20 UMAP embedding parameters a = 0.9922 b = 1.112
18:21:20 Read 190338 rows and found 30 numeric columns
18:21:20 Using Annoy for neighbor search, n_neighbors = 30
18:21:20 Building Annoy index with metric = cosine, n_trees = 50
0%   10   20   30   40   50   60   70   80   90   100%
[----|----|----|----|----|----|----|----|----|----|
**************************************************|
18:21:45 Writing NN index file to temp file /gpfs0/scratch/7881439/RtmptNO9Pl/file1e91ac606b98af
18:21:45 Searching Annoy index using 1 thread, search_k = 3000
18:23:52 Annoy recall = 100%
18:23:52 Commencing smooth kNN distance calibration using 1 thread with target n_neighbors = 30
18:23:58 Initializing from normalized Laplacian + noise (using RSpectra)
18:24:03 Commencing optimization for 200 epochs, with 9310936 positive edges
18:24:03 Using rng type: pcg
Using method 'umap'
0%   10   20   30   40   50   60   70   80   90   100%
[----|----|----|----|----|----|----|----|----|----|
**************************************************|
18:25:29 Optimization finished
Computing nearest neighbor graph
Computing SNN
Modularity Optimizer version 1.3.0 by Ludo Waltman and Nees Jan van Eck

Number of nodes: 190338
Number of edges: 4198026

Running Louvain algorithm...
0%   10   20   30   40   50   60   70   80   90   100%
[----|----|----|----|----|----|----|----|----|----|
**************************************************|
Maximum modularity in 10 random starts: 0.7716
Number of communities: 360
Elapsed time: 86 seconds
326 singletons identified. 34 final clusters.
18:35:01 UMAP embedding parameters a = 0.9922 b = 1.112
18:35:01 Read 190338 rows and found 30 numeric columns
18:35:01 Using Annoy for neighbor search, n_neighbors = 30
18:35:01 Building Annoy index with metric = cosine, n_trees = 50
0%   10   20   30   40   50   60   70   80   90   100%
[----|----|----|----|----|----|----|----|----|----|
**************************************************|
18:35:27 Writing NN index file to temp file /gpfs0/scratch/7881439/RtmptNO9Pl/file1e91ac18d3f01a
18:35:27 Searching Annoy index using 1 thread, search_k = 3000
18:37:35 Annoy recall = 100%
18:37:35 Commencing smooth kNN distance calibration using 1 thread with target n_neighbors = 30
18:37:41 Initializing from normalized Laplacian + noise (using RSpectra)
18:37:46 Commencing optimization for 200 epochs, with 9383762 positive edges
18:37:46 Using rng type: pcg
Using method 'umap'
0%   10   20   30   40   50   60   70   80   90   100%
[----|----|----|----|----|----|----|----|----|----|
**************************************************|
18:39:12 Optimization finished
Computing nearest neighbor graph
Computing SNN
Modularity Optimizer version 1.3.0 by Ludo Waltman and Nees Jan van Eck

Number of nodes: 190338
Number of edges: 3557843

Running Louvain algorithm...
0%   10   20   30   40   50   60   70   80   90   100%
[----|----|----|----|----|----|----|----|----|----|
**************************************************|
Maximum modularity in 10 random starts: 0.7766
Number of communities: 141
Elapsed time: 74 seconds
104 singletons identified. 37 final clusters.
18:45:53 UMAP embedding parameters a = 0.9922 b = 1.112
18:45:53 Read 190338 rows and found 30 numeric columns
18:45:53 Using Annoy for neighbor search, n_neighbors = 30
18:45:53 Building Annoy index with metric = cosine, n_trees = 50
0%   10   20   30   40   50   60   70   80   90   100%
[----|----|----|----|----|----|----|----|----|----|
**************************************************|
18:46:19 Writing NN index file to temp file /gpfs0/scratch/7881439/RtmptNO9Pl/file1e91ac7bb9c819
18:46:19 Searching Annoy index using 1 thread, search_k = 3000
18:48:24 Annoy recall = 100%
18:48:24 Commencing smooth kNN distance calibration using 1 thread with target n_neighbors = 30
18:48:30 Initializing from normalized Laplacian + noise (using RSpectra)
18:48:36 Commencing optimization for 200 epochs, with 9357466 positive edges
18:48:36 Using rng type: pcg
Using method 'umap'
0%   10   20   30   40   50   60   70   80   90   100%
[----|----|----|----|----|----|----|----|----|----|
**************************************************|
18:50:02 Optimization finished
Error: object 'FastMNNIntegration' not found
Execution halted
Job Statistics for 7881439:
           JobID       User               Start                 End    Elapsed   TotalCPU      State        NodeList 
---------------- ---------- ------------------- ------------------- ---------- ---------- ---------- --------------- 
         7881439     xxw004 2026-04-08T15:56:20 2026-04-08T18:53:02   02:56:42   02:55:40     FAILED   r1pl-hpcf-h05 
   7881439.batch            2026-04-08T15:56:20 2026-04-08T18:53:02   02:56:42   02:55:40     FAILED   r1pl-hpcf-h05 
  7881439.extern            2026-04-08T15:56:20 2026-04-08T18:53:02   02:56:42  00:00.001  COMPLETED   r1pl-hpcf-h05 
Requested Resources: billing=24,cpu=24,mem=1016040M,node=1
Maximum CPU Memory: 198745.06M; 	CPU Efficiency: 4.14% of 2-22:40:48 core-walltime
