Loading required package: SeuratObject
Loading required package: sp

Attaching package: ‘SeuratObject’

The following objects are masked from ‘package:base’:

    intersect, t

── Attaching core tidyverse packages ──────────────────────── tidyverse 2.0.0 ──
✔ dplyr     1.1.4     ✔ readr     2.1.5
✔ forcats   1.0.0     ✔ stringr   1.5.1
✔ lubridate 1.9.4     ✔ tibble    3.3.0
✔ purrr     1.1.0     ✔ tidyr     1.3.1
── Conflicts ────────────────────────────────────────── tidyverse_conflicts() ──
✖ dplyr::combine() masks gridExtra::combine()
✖ dplyr::filter()  masks stats::filter()
✖ dplyr::lag()     masks stats::lag()
ℹ Use the conflicted package (<http://conflicted.r-lib.org/>) to force all conflicts to become errors

Attaching package: ‘data.table’

The following objects are masked from ‘package:lubridate’:

    hour, isoweek, mday, minute, month, quarter, second, wday, week,
    yday, year

The following objects are masked from ‘package:dplyr’:

    between, first, last

The following object is masked from ‘package:purrr’:

    transpose

Loading required package: R.oo
Loading required package: R.methodsS3
R.methodsS3 v1.8.2 (2022-06-13 22:00:14 UTC) successfully loaded. See ?R.methodsS3 for help.
R.oo v1.27.1 (2025-05-02 21:00:05 UTC) successfully loaded. See ?R.oo for help.

Attaching package: ‘R.oo’

The following object is masked from ‘package:R.methodsS3’:

    throw

The following objects are masked from ‘package:methods’:

    getClasses, getMethods

The following objects are masked from ‘package:base’:

    attach, detach, load, save

R.utils v2.13.0 (2025-02-24 21:20:02 UTC) successfully loaded. See ?R.utils for help.

Attaching package: ‘R.utils’

The following object is masked from ‘package:tidyr’:

    extract

The following object is masked from ‘package:utils’:

    timestamp

The following objects are masked from ‘package:base’:

    cat, commandArgs, getOption, isOpen, nullfile, parse, use, warnings


Attaching package: ‘reshape2’

The following objects are masked from ‘package:data.table’:

    dcast, melt

The following object is masked from ‘package:tidyr’:

    smiths

Loading required package: Rcpp

Attaching package: ‘cowplot’

The following object is masked from ‘package:lubridate’:

    stamp


Attaching package: ‘patchwork’

The following object is masked from ‘package:cowplot’:

    align_plots

Error in library(decoupleR) : there is no package called ‘decoupleR’
Execution halted
Job Statistics for 7739170:
           JobID       User               Start                 End    Elapsed   TotalCPU      State        NodeList 
---------------- ---------- ------------------- ------------------- ---------- ---------- ---------- --------------- 
         7739170     xxw004 2026-02-23T13:56:09 2026-02-23T13:56:17   00:00:08  00:05.302     FAILED   r1pl-hpcf-h04 
   7739170.batch            2026-02-23T13:56:09 2026-02-23T13:56:17   00:00:08  00:05.300     FAILED   r1pl-hpcf-h04 
  7739170.extern            2026-02-23T13:56:09 2026-02-23T13:56:17   00:00:08  00:00.001  COMPLETED   r1pl-hpcf-h04 
Requested Resources: billing=3,cpu=3,mem=127005M,node=1
Maximum CPU Memory: 403.13M; 	CPU Efficiency: 20.83% of 00:00:24 core-walltime
