*************
*1.0 version*
*************
*************
*1.0 version*
*************
2026-02-17_13-34-39   Running PIPseeker v3.3.0
2026-02-17_13-34-39   Copyright (c) 2024 Fluent BioSciences. All rights reserved.
2026-02-17_13-34-39   PIPseeker is up to date
2026-02-17_13-34-39   Total Memory: 2.0TiB 
2026-02-17_13-34-39   Available Memory: 1.9TiB
2026-02-17_13-34-39   Available Disk Space: 94.2TiB 
2026-02-17_13-34-39   FASTQ size: 13.7GiB 
2026-02-17_13-34-39   Read lengths: R1=54 bases; R2=67 bases
2026-02-17_13-34-39   Starting barcode processor
2026-02-17_13-55-13   Starting STAR
2026-02-17_14-11-44   Reading BAM file
2026-02-17_14-30-55   Read 327429930 lines from BAM file
2026-02-17_14-31-04   Matching BAM data to genes
2026-02-17_14-35-53   Processed 327429930 lines
2026-02-17_14-35-53   Constructing molecule info object
2026-02-17_14-44-53   Saving molecule info file
2026-02-17_14-44-57   Generating raw matrix
2026-02-17_14-47-36   Writing matrix files
2026-02-17_14-49-29   Performing cell calling
2026-02-17_14-50-02   Writing cell calling results
2026-02-17_14-55-17   Running clustering
2026-02-17_15-03-08   Generating Metrics
2026-02-17_15-03-52   Creating summary report
2026-02-17_15-03-54   PIPseeker completed successfully in 5355 seconds
Job Statistics for 7732812:
           JobID       User               Start                 End    Elapsed   TotalCPU      State        NodeList 
---------------- ---------- ------------------- ------------------- ---------- ---------- ---------- --------------- 
         7732812     xxw004 2026-02-17T09:33:06 2026-02-17T15:03:57   05:30:51   12:41:40  COMPLETED r1pl-hpcf-h[01+ 
   7732812.batch            2026-02-17T09:33:06 2026-02-17T15:03:57   05:30:51   12:41:40  COMPLETED   r1pl-hpcf-h01 
  7732812.extern            2026-02-17T09:33:06 2026-02-17T15:03:57   05:30:51  00:00.007  COMPLETED r1pl-hpcf-h[01+ 
Requested Resources: billing=144,cpu=144,mem=6096240M,node=1
Maximum CPU Memory: 228606.56M; 	CPU Efficiency: 1.60% of 33-02:02:24 core-walltime
