*************
*1.0 version*
*************
*************
*1.0 version*
*************
2026-02-17_23-50-51   Running PIPseeker v3.3.0
2026-02-17_23-50-51   Copyright (c) 2024 Fluent BioSciences. All rights reserved.
2026-02-17_23-50-51   PIPseeker is up to date
2026-02-17_23-50-51   Total Memory: 2.0TiB 
2026-02-17_23-50-51   Available Memory: 1.9TiB
2026-02-17_23-50-51   Available Disk Space: 94.3TiB 
2026-02-17_23-50-51   FASTQ size: 11.2GiB 
2026-02-17_23-50-51   Read lengths: R1=54 bases; R2=67 bases
2026-02-17_23-50-51   Starting barcode processor
2026-02-18_00-07-38   Starting STAR
2026-02-18_00-21-41   Reading BAM file
2026-02-18_00-37-47   Read 272272087 lines from BAM file
2026-02-18_00-37-55   Matching BAM data to genes
2026-02-18_00-42-01   Processed 272272087 lines
2026-02-18_00-42-01   Constructing molecule info object
2026-02-18_00-49-26   Saving molecule info file
2026-02-18_00-49-30   Generating raw matrix
2026-02-18_00-51-34   Writing matrix files
2026-02-18_00-53-04   Performing cell calling
2026-02-18_00-53-34   Writing cell calling results
2026-02-18_00-58-18   Running clustering
2026-02-18_01-08-17   Generating Metrics
2026-02-18_01-08-55   Creating summary report
2026-02-18_01-08-56   PIPseeker completed successfully in 4685 seconds
Job Statistics for 7732814:
           JobID       User               Start                 End    Elapsed   TotalCPU      State        NodeList 
---------------- ---------- ------------------- ------------------- ---------- ---------- ---------- --------------- 
         7732814     xxw004 2026-02-17T20:32:59 2026-02-18T01:08:58   04:35:59   11:50:03  COMPLETED r1pl-hpcf-h[01+ 
   7732814.batch            2026-02-17T20:32:59 2026-02-18T01:08:58   04:35:59   11:50:03  COMPLETED   r1pl-hpcf-h01 
  7732814.extern            2026-02-17T20:32:59 2026-02-18T01:08:58   04:35:59  00:00.007  COMPLETED r1pl-hpcf-h[01+ 
Requested Resources: billing=144,cpu=144,mem=6096240M,node=1
Maximum CPU Memory: 191129.16M; 	CPU Efficiency: 1.79% of 27-14:21:36 core-walltime
