*************
*1.0 version*
*************
*************
*1.0 version*
*************
2026-02-18_04-42-48   Running PIPseeker v3.3.0
2026-02-18_04-42-48   Copyright (c) 2024 Fluent BioSciences. All rights reserved.
2026-02-18_04-42-49   PIPseeker is up to date
2026-02-18_04-42-49   Total Memory: 2.0TiB 
2026-02-18_04-42-49   Available Memory: 1.9TiB
2026-02-18_04-42-49   Available Disk Space: 93.7TiB 
2026-02-18_04-42-49   FASTQ size: 12.2GiB 
2026-02-18_04-42-49   Read lengths: R1=54 bases; R2=67 bases
2026-02-18_04-42-49   Starting barcode processor
2026-02-18_05-01-13   Starting STAR
2026-02-18_05-16-42   Reading BAM file
2026-02-18_05-33-08   Read 280117038 lines from BAM file
2026-02-18_05-33-17   Matching BAM data to genes
2026-02-18_05-37-22   Processed 280117038 lines
2026-02-18_05-37-22   Constructing molecule info object
2026-02-18_05-45-02   Saving molecule info file
2026-02-18_05-45-05   Generating raw matrix
2026-02-18_05-47-22   Writing matrix files
2026-02-18_05-48-46   Performing cell calling
2026-02-18_05-49-13   Writing cell calling results
2026-02-18_05-53-07   Running clustering
2026-02-18_05-55-21   Generating Metrics
2026-02-18_05-55-56   Creating summary report
2026-02-18_05-55-57   PIPseeker completed successfully in 4389 seconds
Job Statistics for 7732815:
           JobID       User               Start                 End    Elapsed   TotalCPU      State        NodeList 
---------------- ---------- ------------------- ------------------- ---------- ---------- ---------- --------------- 
         7732815     xxw004 2026-02-18T01:09:04 2026-02-18T05:56:00   04:46:56   09:45:19  COMPLETED r1pl-hpcf-h[01+ 
   7732815.batch            2026-02-18T01:09:04 2026-02-18T05:56:00   04:46:56   09:45:19  COMPLETED   r1pl-hpcf-h01 
  7732815.extern            2026-02-18T01:09:04 2026-02-18T05:56:00   04:46:56  00:00.004  COMPLETED r1pl-hpcf-h[01+ 
Requested Resources: billing=144,cpu=144,mem=6096240M,node=1
Maximum CPU Memory: 206714.68M; 	CPU Efficiency: 1.42% of 28-16:38:24 core-walltime
